#
# A fatal error has been detected by the Java Runtime Environment:
#
#  SIGBUS (0x7) at pc=0x00007f61c171cc07, pid=76137, tid=0x00007f61c06e16c0
#
# JRE version: OpenJDK Runtime Environment (8.0_482-b08) (build 1.8.0_482-b08)
# Java VM: OpenJDK 64-Bit Server VM (25.482-b08 mixed mode linux-amd64 compressed oops)
# Problematic frame:
# C  [libzip.so+0x4c07]
#
# Core dump written. Default location: /home/link/Programming/Sheik/client/core or core.76137
#
# If you would like to submit a bug report, please visit:
#   http://bugreport.java.com/bugreport/crash.jsp
# The crash happened outside the Java Virtual Machine in native code.
# See problematic frame for where to report the bug.
#

---------------  T H R E A D  ---------------

Current thread (0x00007f61bc00a000):  JavaThread "Client thread" [_thread_in_native, id=76138, stack(0x00007f61c05e2000,0x00007f61c06e2000)]

siginfo: si_signo: 7 (SIGBUS), si_code: 2 (BUS_ADRERR), si_addr: 0x00007f61a38baefa

Registers:
RAX=0x00007f6091468620, RBX=0x00007f61a38baedc, RCX=0x00007f61bc001aa0, RDX=0x0000000000000003
RSP=0x00007f61c06de510, RBP=0x00007f61c06de590, RSI=0x0000000000000015, RDI=0x00007f6090f589d0
R8 =0x00007f61c06de600, R9 =0x000000000000002a, R10=0x00007f61ad216b98, R11=0x00000007aeee4f40
R12=0x00007f61bc275bb0, R13=0x000000000001dedc, R14=0x00007f608c647550, R15=0x00007f6091468620
RIP=0x00007f61c171cc07, EFLAGS=0x0000000000010202, CSGSFS=0x002b000000000033, ERR=0x0000000000000004
  TRAPNO=0x000000000000000e

Top of Stack: (sp=0x00007f61c06de510)
0x00007f61c06de510:   000000000000000f 0000000a2eaf0f38
0x00007f61c06de520:   0000001800000330 000000072ebc33c8
0x00007f61c06de530:   00007f612edac148 00007f619952433e
0x00007f61c06de540:   00007f61bec5fe38 0000000000000000
0x00007f61c06de550:   00007f61c06dfb80 00007f61c0fa9a92
0x00007f61c06de560:   000000000000002a 00007f61bc292a40
0x00007f61c06de570:   000000005f0898f7 00007f61c06de600
0x00007f61c06de580:   00007f608c647550 00007f61bc275bb0
0x00007f61c06de590:   00007f61c06de5e0 00007f61c171e5a5
0x00007f61c06de5a0:   000000000000002a 0000002a0100009c
0x00007f61c06de5b0:   00007f61c06dfbe0 000000000000002a
0x00007f61c06de5c0:   00007f61bc00a260 0000000000000001
0x00007f61c06de5d0:   00007f61c06dea80 00007f61c06dea58
0x00007f61c06de5e0:   00007f61c06dea40 00007f61c171c2ba
0x00007f61c06de5f0:   00007f61c06dee30 00007f61bc275bb0
0x00007f61c06de600:   656e696d2f74656e 6c632f7466617263
0x00007f61c06de610:   6975672f746e6569 746e6f436975472f
0x00007f61c06de620:   616c632e736c6f72 00000007c0007373
0x00007f61c06de630:   00007f61c06deb90 00007f61c06deda0
0x00007f61c06de640:   00007f619aafbd28 00000000ffffffe1
0x00007f61c06de650:   00007f61c06deb80 00007f61c157b5bc
0x00007f61c06de660:   00000000bec5e220 ffffffffffffffff
0x00007f61c06de670:   0000000000000000 00007f619aafbd26
0x00007f61c06de680:   00007f619aafbd26 0000000bbc9a7b50
0x00007f61c06de690:   00007f61bc9a7b50 00000000bc9a7b50
0x00007f61c06de6a0:   0000000000000000 f80deb6571870400
0x00007f61c06de6b0:   00007f61c06de6d0 00007f61995242fb
0x00007f61c06de6c0:   0000000000000000 0000003000000001
0x00007f61c06de6d0:   00000000c06dec20 0000000000000000
0x00007f61c06de6e0:   00007f6100000000 00007f61c06dec60
0x00007f61c06de6f0:   00007f619aabba72 0000000000000075
0x00007f61c06de700:   00007f61c06dec30 00007f61c157b5bc 

Instructions: (pc=0x00007f61c171cc07)
0x00007f61c171cbe7:   24 48 49 8b 7c 24 10 b9 a0 00 00 00 4c 89 ea e8
0x00007f61c171cbf7:   b5 fe ff ff 48 89 c3 48 85 db 0f 84 89 03 00 00
0x00007f61c171cc07:   0f b7 43 1e 44 0f b7 73 1c 48 c7 45 c0 00 00 00
0x00007f61c171cc17:   00 66 89 45 c8 0f b7 43 20 4d 89 f5 66 89 45 be 

Register to memory mapping:

RAX=0x00007f6091468620 is an unknown value
RBX=0x00007f61a38baedc is an unknown value
RCX=0x00007f61bc001aa0 is an unknown value
RDX=0x0000000000000003 is an unknown value
RSP=0x00007f61c06de510 is pointing into the stack for thread: 0x00007f61bc00a000
RBP=0x00007f61c06de590 is pointing into the stack for thread: 0x00007f61bc00a000
RSI=0x0000000000000015 is an unknown value
RDI=0x00007f6090f589d0 is an unknown value
R8 =0x00007f61c06de600 is pointing into the stack for thread: 0x00007f61bc00a000
R9 =0x000000000000002a is an unknown value
R10=0x00007f61ad216b98 is at entry_point+88 in (nmethod*)0x00007f61ad2169d0
R11=0x00000007aeee4f40 is an oop
